  dev-001-S1 on gpu0:8766 (1/8)
  dev-005-S3 on gpu0:8767 (2/8)
  dev-009-S5 on gpu0:8766 (3/8)
  dev-011-S6 on gpu0:8767 (4/8)
  dev-021-S11 on gpu0:8767 (5/8)
  dev-017-S9 on gpu0:8766 (6/8)
  dev-023-S12 on gpu0:8767 (7/8)
  dev-030-S15 on gpu0:8766 (8/8)
low {'learned_exact': 6, 'targets': 10, 'active': 7, 'tokens': 40845, 'student_trace_line_ok': 0.917, 'questions': 24, 'unsupported_lines': 0, 'errors': 0, 'seconds': 266.3}
  dev-001-S1 on gpu0:8766 (1/8)
  dev-005-S3 on gpu0:8767 (2/8)
  dev-009-S5 on gpu0:8766 (3/8)
  dev-011-S6 on gpu0:8767 (4/8)
  dev-021-S11 on gpu0:8767 (5/8)
  dev-023-S12 on gpu0:8767 (6/8)
  dev-017-S9 on gpu0:8766 (7/8)
  dev-030-S15 on gpu0:8767 (8/8)
medium {'learned_exact': 9, 'targets': 10, 'active': 9, 'tokens': 48191, 'student_trace_line_ok': 0.773, 'questions': 23, 'unsupported_lines': 0, 'errors': 0, 'seconds': 287.4}
  dev-001-S1 on gpu0:8766 (1/8)
  dev-005-S3 on gpu0:8767 (2/8)
  dev-009-S5 on gpu0:8766 (3/8)
  dev-011-S6 on gpu0:8767 (4/8)
  dev-021-S11 on gpu0:8767 (5/8)
  dev-017-S9 on gpu0:8766 (6/8)
  dev-023-S12 on gpu0:8767 (7/8)
  dev-030-S15 on gpu0:8766 (8/8)
high {'learned_exact': 9, 'targets': 10, 'active': 10, 'tokens': 41515, 'student_trace_line_ok': 0.814, 'questions': 13, 'unsupported_lines': 0, 'errors': 0, 'seconds': 287.0}
SELECTED high meter delta 0.976
