[GOLD_TRACE] acquisition
  locked_test-001-S1 (1/20)
  locked_test-002-S2 (2/20)
  locked_test-003-S3 (3/20)
  locked_test-004-S4 (4/20)
  locked_test-005-S5 (5/20)
  locked_test-006-S6 (6/20)
  locked_test-007-S7 (7/20)
  locked_test-008-S8 (8/20)
  locked_test-010-S10 (9/20)
  locked_test-009-S9 (10/20)
  locked_test-011-S11 (11/20)
  locked_test-012-S12 (12/20)
  locked_test-013-S13 (13/20)
  locked_test-014-S14L (14/20)
  locked_test-015-S14D (15/20)
  locked_test-016-S15 (16/20)
  locked_test-017-S16 (17/20)
  locked_test-018-S16 (18/20)
  locked_test-019-S17 (19/20)
  locked_test-020-S18 (20/20)
[FORMAL_TEACH] acquisition
  locked_test-001-S1 (1/20)
  locked_test-002-S2 (2/20)
  locked_test-003-S3 (3/20)
  locked_test-004-S4 (4/20)
  locked_test-005-S5 (5/20)
  locked_test-006-S6 (6/20)
  locked_test-007-S7 (7/20)
  locked_test-008-S8 (8/20)
  locked_test-010-S10 (9/20)
  locked_test-009-S9 (10/20)
  locked_test-011-S11 (11/20)
  locked_test-012-S12 (12/20)
  locked_test-013-S13 (13/20)
  locked_test-014-S14L (14/20)
  locked_test-015-S14D (15/20)
  locked_test-016-S15 (16/20)
  locked_test-017-S16 (17/20)
  locked_test-018-S16 (18/20)
  locked_test-019-S17 (19/20)
  locked_test-020-S18 (20/20)
judge preflight {'reached_endpoint': True, 'parsed_label': True, 'label': True, 'cache_written': True, 'request_hash': 'b477bb49f8cc440bce07dd0d99d37733bfe5934805e51c5483906b7259fa9523'}
[D] acquisition (hosted)
  locked_test-002-S2 (1/20)
  locked_test-001-S1 (2/20)
  locked_test-004-S4 (3/20)
  locked_test-005-S5 (4/20)
  locked_test-008-S8 (5/20)
  locked_test-003-S3 (6/20)
  locked_test-006-S6 (7/20)
  locked_test-007-S7 (8/20)
  locked_test-010-S10 (9/20)
  locked_test-011-S11 (10/20)
  locked_test-009-S9 (11/20)
  locked_test-012-S12 (12/20)
  locked_test-013-S13 (13/20)
  locked_test-014-S14L (14/20)
  locked_test-015-S14D (15/20)
  locked_test-016-S15 (16/20)
  locked_test-017-S16 (17/20)
  locked_test-018-S16 (18/20)
  locked_test-020-S18 (19/20)
  locked_test-019-S17 (20/20)
[D] judge
[GOLD_TRACE] reuse
  locked_test-001-S1 on gpu0:8766 (1/20)
  locked_test-002-S2 on gpu0:8767 (2/20)
  locked_test-004-S4 on gpu0:8767 (3/20)
  locked_test-003-S3 on gpu0:8766 (4/20)
  locked_test-006-S6 on gpu0:8766 (5/20)
  locked_test-005-S5 on gpu0:8767 (6/20)
  locked_test-007-S7 on gpu0:8766 (7/20)
  locked_test-008-S8 on gpu0:8767 (8/20)
  locked_test-009-S9 on gpu0:8766 (9/20)
  locked_test-010-S10 on gpu0:8767 (10/20)
  locked_test-011-S11 on gpu0:8766 (11/20)
  locked_test-012-S12 on gpu0:8767 (12/20)
  locked_test-013-S13 on gpu0:8766 (13/20)
  locked_test-014-S14L on gpu0:8767 (14/20)
  locked_test-015-S14D on gpu0:8766 (15/20)
  locked_test-016-S15 on gpu0:8767 (16/20)
  locked_test-017-S16 on gpu0:8766 (17/20)
  locked_test-018-S16 on gpu0:8767 (18/20)
  locked_test-019-S17 on gpu0:8766 (19/20)
  locked_test-020-S18 on gpu0:8767 (20/20)
[FORMAL_TEACH] reuse
  locked_test-001-S1 on gpu0:8766 (1/20)
  locked_test-002-S2 on gpu0:8767 (2/20)
  locked_test-003-S3 on gpu0:8766 (3/20)
  locked_test-004-S4 on gpu0:8767 (4/20)
  locked_test-005-S5 on gpu0:8766 (5/20)
  locked_test-006-S6 on gpu0:8767 (6/20)
  locked_test-007-S7 on gpu0:8766 (7/20)
  locked_test-008-S8 on gpu0:8767 (8/20)
  locked_test-009-S9 on gpu0:8766 (9/20)
  locked_test-010-S10 on gpu0:8767 (10/20)
  locked_test-011-S11 on gpu0:8766 (11/20)
  locked_test-012-S12 on gpu0:8767 (12/20)
  locked_test-013-S13 on gpu0:8766 (13/20)
  locked_test-014-S14L on gpu0:8767 (14/20)
  locked_test-015-S14D on gpu0:8766 (15/20)
  locked_test-016-S15 on gpu0:8767 (16/20)
  locked_test-017-S16 on gpu0:8766 (17/20)
  locked_test-018-S16 on gpu0:8767 (18/20)
  locked_test-019-S17 on gpu0:8766 (19/20)
  locked_test-020-S18 on gpu0:8767 (20/20)
[D] reuse
  locked_test-001-S1 on gpu0:8766 (1/20)
  locked_test-002-S2 on gpu0:8767 (2/20)
  locked_test-003-S3 on gpu0:8766 (3/20)
  locked_test-004-S4 on gpu0:8767 (4/20)
  locked_test-005-S5 on gpu0:8766 (5/20)
  locked_test-006-S6 on gpu0:8767 (6/20)
  locked_test-007-S7 on gpu0:8766 (7/20)
  locked_test-008-S8 on gpu0:8767 (8/20)
  locked_test-009-S9 on gpu0:8766 (9/20)
  locked_test-010-S10 on gpu0:8767 (10/20)
  locked_test-011-S11 on gpu0:8766 (11/20)
  locked_test-012-S12 on gpu0:8767 (12/20)
  locked_test-014-S14L on gpu0:8767 (13/20)
  locked_test-013-S13 on gpu0:8766 (14/20)
  locked_test-015-S14D on gpu0:8767 (15/20)
  locked_test-016-S15 on gpu0:8766 (16/20)
  locked_test-017-S16 on gpu0:8767 (17/20)
  locked_test-018-S16 on gpu0:8766 (18/20)
  locked_test-019-S17 on gpu0:8767 (19/20)
  locked_test-020-S18 on gpu0:8766 (20/20)
GOLD_TRACE {"LEARNED_PROCEDURE_EXACT": 1.0, "SCENARIO_EXACT": 1.0, "DISTILLED_SKILL_EXACT": 1.0, "GROUNDING_BEHAVIORAL_EXACT": null, "WRONG_BEHAVIORAL_ACTION_EXECUTED": 0, "RECOVERY_EVENT_SUCCESS": null}
FORMAL_TEACH {"LEARNED_PROCEDURE_EXACT": 1.0, "SCENARIO_EXACT": 1.0, "DISTILLED_SKILL_EXACT": 1.0, "GROUNDING_BEHAVIORAL_EXACT": null, "WRONG_BEHAVIORAL_ACTION_EXECUTED": 0, "RECOVERY_EVENT_SUCCESS": null}
D {"LEARNED_PROCEDURE_EXACT": 1.0, "SCENARIO_EXACT": 1.0, "DISTILLED_SKILL_EXACT": 1.0, "GROUNDING_BEHAVIORAL_EXACT": 0.9565, "WRONG_BEHAVIORAL_ACTION_EXECUTED": 0, "RECOVERY_EVENT_SUCCESS": 0.75}
{"controls_pass": true, "D_gates_failed": []}
